<html>
<body>
<pre>
<h1>µVision Build Log</h1>
<h2>Project:</h2>
D:\code\keil\qq2440\test\test.uvproj
Project File Date:  01/31/2016

<h2>Output:</h2>
Build target 'Target 1'
linking...
Program Size: Code=636 RO-data=32 RW-data=0 ZI-data=1256  
".\test.axf" - 0 Error(s), 0 Warning(s).
  #1-D: last line of file ends without a newline
  }
main.c: 2 warnings, 0 errors
linking...
.\test.axf: Error: L6218E: Undefined symbol Image$$RW_RAM1$$RW$$Length (referred from s3c2440.o).
Finished: 0 information, 0 warning and 1 error messages.
".\test.axf" - 1 Error(s), 2 Warning(s).
Target not created
t not created
s).
Target not created
